// Jest Snapshot v1, https://goo.gl/fbAQLP

exports[`renders without crashing 1`] = `
<div
  className="inputGroup"
>
  <label
    className="label"
  >
    Test label
  </label>
  <input
    className="input"
  />
</div>
`;
